2026-04-29 20:13:28 | Abnormal Pattern Detected | None | Confidence: 0.17
2026-04-29 20:16:02 | Known Attack | Botnet | Confidence: 0.6466666666666666
2026-04-29 20:16:02 | Known Attack | MITM | Confidence: 0.5266666666666666
2026-04-29 20:16:02 | Known Attack | PortScan | Confidence: 0.5458333333333333
2026-04-29 20:16:02 | Abnormal Pattern Detected | None | Confidence: 0.17133333333333334
2026-04-29 20:16:02 | Abnormal Pattern Detected | None | Confidence: 0.4166666666666667
2026-04-29 20:16:02 | Known Attack | Malware | Confidence: 0.58
2026-04-29 20:16:02 | Known Attack | MITM | Confidence: 0.6633333333333333
2026-04-29 20:16:02 | Known Attack | DDoS | Confidence: 0.6033333333333334
2026-04-29 20:16:02 | Known Attack | Ransomware | Confidence: 0.5533333333333333
2026-04-29 20:16:02 | Known Attack | Ransomware | Confidence: 0.6544444444444445
2026-04-29 20:16:02 | Abnormal Pattern Detected | None | Confidence: 0.23
2026-04-29 20:16:02 | Known Attack | Malware | Confidence: 0.63
2026-04-29 20:16:02 | Known Attack | Botnet | Confidence: 0.9166666666666666
2026-04-29 20:16:02 | Known Attack | PasswordAttack | Confidence: 0.5666666666666667
2026-04-29 20:16:02 | Known Attack | Malware | Confidence: 0.6039444444444445
2026-04-29 20:16:02 | Abnormal Pattern Detected | None | Confidence: 0.41333333333333333
2026-04-29 20:16:02 | Abnormal Pattern Detected | None | Confidence: 0.2833333333333333
2026-04-29 20:16:02 | Abnormal Pattern Detected | None | Confidence: 0.2025
2026-04-29 20:16:02 | Known Attack | Malware | Confidence: 0.68
2026-04-29 20:16:02 | Known Attack | DDoS | Confidence: 0.7966666666666666
2026-04-29 20:16:02 | Abnormal Pattern Detected | None | Confidence: 0.31751587301587303
2026-04-29 20:16:02 | Known Attack | BruteForce | Confidence: 0.5133333333333333
2026-04-29 20:16:02 | Abnormal Pattern Detected | None | Confidence: 0.15733333333333335
2026-04-29 20:16:02 | Abnormal Pattern Detected | None | Confidence: 0.2586111111111111
2026-04-29 20:16:02 | Known Attack | PortScan | Confidence: 0.56
2026-04-29 20:16:02 | Abnormal Pattern Detected | None | Confidence: 0.20666666666666667
2026-04-29 20:16:02 | Known Attack | DDoS | Confidence: 0.8466666666666667
2026-04-29 20:16:02 | Known Attack | Ransomware | Confidence: 0.6266666666666667
2026-04-29 20:16:02 | Known Attack | SYN_Flood | Confidence: 0.8366666666666667
2026-04-29 20:16:02 | Known Attack | BruteForce | Confidence: 0.5633333333333334
2026-04-29 20:16:02 | Known Attack | BruteForce | Confidence: 0.67
2026-04-29 20:16:02 | Known Attack | Malware | Confidence: 0.6599074074074073
2026-04-29 20:16:02 | Known Attack | DDoS | Confidence: 0.9133333333333333
2026-04-29 20:16:02 | Known Attack | SYN_Flood | Confidence: 0.65
2026-04-29 20:16:02 | Known Attack | DDoS | Confidence: 0.61
2026-04-29 20:16:02 | Known Attack | Malware | Confidence: 0.64
2026-04-29 20:16:02 | Known Attack | Malware | Confidence: 0.5066666666666667
2026-04-29 20:16:02 | Known Attack | MITM | Confidence: 0.5422222222222223
2026-04-29 20:16:02 | Abnormal Pattern Detected | None | Confidence: 0.31666666666666665
2026-04-29 20:16:02 | Known Attack | SYN_Flood | Confidence: 0.54
2026-04-29 20:16:02 | Known Attack | SYN_Flood | Confidence: 0.49333333333333335
2026-04-29 20:16:02 | Known Attack | DDoS | Confidence: 0.8666666666666667
2026-04-29 20:16:02 | Known Attack | Malware | Confidence: 0.6611574074074074
2026-04-29 20:16:02 | Known Attack | Botnet | Confidence: 0.8866666666666667
2026-04-29 20:16:02 | Known Attack | Malware | Confidence: 0.6166666666666667
2026-04-29 20:16:02 | Known Attack | Botnet | Confidence: 0.6766666666666666
2026-04-29 20:16:02 | Known Attack | MITM | Confidence: 0.5233333333333333
2026-04-29 20:16:02 | Known Attack | Malware | Confidence: 0.6066666666666667
2026-04-29 20:16:02 | Known Attack | BruteForce | Confidence: 0.69
2026-04-29 20:16:02 | Known Attack | BruteForce | Confidence: 0.66
2026-04-29 20:16:02 | Known Attack | PasswordAttack | Confidence: 0.6833333333333333
2026-04-29 20:16:02 | Known Attack | Ransomware | Confidence: 0.66
2026-04-29 20:16:02 | Known Attack | BruteForce | Confidence: 0.9266666666666666
2026-04-29 22:31:19 | Known Attack | Botnet | Confidence: 0.9866666666666667
2026-04-29 22:31:19 | Known Attack | Network | Confidence: 0.9066666666666666
2026-04-29 22:31:19 | Known Attack | Network | Confidence: 0.49666666666666665
2026-04-29 22:31:19 | Abnormal Pattern Detected | None | Confidence: 0.22616666666666665
2026-04-29 22:31:19 | Known Attack | ManInTheMiddle | Confidence: 0.9933333333333333
2026-04-29 22:31:19 | Known Attack | Network | Confidence: 0.6766666666666666
2026-04-29 22:31:19 | Known Attack | Network | Confidence: 0.6203015873015871
2026-04-29 22:31:19 | Known Attack | Botnet | Confidence: 0.8833333333333333
2026-04-29 22:31:19 | Known Attack | Application | Confidence: 0.7705555555555555
2026-04-29 22:31:19 | Known Attack | Network | Confidence: 0.7883333333333333
2026-04-29 22:31:19 | Known Attack | Reconnaissance | Confidence: 0.73
2026-04-29 22:31:19 | Known Attack | Application | Confidence: 0.84
2026-04-29 22:31:19 | Known Attack | ManInTheMiddle | Confidence: 0.8633333333333333
2026-04-29 22:31:19 | Known Attack | Reconnaissance | Confidence: 0.9033333333333333
2026-04-29 22:31:19 | Known Attack | ManInTheMiddle | Confidence: 0.4642142857142856
2026-04-29 22:31:19 | Known Attack | Authentication | Confidence: 0.7966666666666666
2026-04-29 22:31:19 | Abnormal Pattern Detected | None | Confidence: 0.3673148148148148
2026-04-29 22:31:19 | Abnormal Pattern Detected | None | Confidence: 0.2622222222222222
2026-04-29 22:31:19 | Known Attack | Botnet | Confidence: 0.6
2026-04-29 22:31:19 | Known Attack | Network | Confidence: 0.5533333333333333
2026-04-29 22:31:19 | Known Attack | ManInTheMiddle | Confidence: 0.6875
2026-04-29 22:31:19 | Known Attack | Reconnaissance | Confidence: 0.9666666666666667
2026-04-29 22:31:19 | Abnormal Pattern Detected | None | Confidence: 0.22133333333333335
2026-04-29 22:31:19 | Abnormal Pattern Detected | None | Confidence: 0.29012301587301587
2026-04-29 22:31:19 | Known Attack | Network | Confidence: 0.6525
2026-04-29 22:31:19 | Abnormal Pattern Detected | None | Confidence: 0.38666666666666666
2026-04-29 22:31:19 | Known Attack | Network | Confidence: 0.8966666666666666
2026-04-29 22:31:19 | Known Attack | Authentication | Confidence: 0.6066666666666667
2026-04-29 22:31:19 | Known Attack | Network | Confidence: 0.7075
2026-04-29 22:31:19 | Known Attack | Authentication | Confidence: 0.9
2026-04-29 22:31:19 | Known Attack | Authentication | Confidence: 0.68
2026-04-29 22:31:19 | Known Attack | Application | Confidence: 0.961111111111111
2026-04-29 22:31:19 | Known Attack | Reconnaissance | Confidence: 0.5866666666666667
2026-04-29 22:31:19 | Known Attack | Network | Confidence: 0.8133333333333334
2026-04-29 22:31:19 | Known Attack | Network | Confidence: 0.8866666666666667
2026-04-29 22:31:19 | Known Attack | Application | Confidence: 0.8433333333333334
2026-04-29 22:31:19 | Known Attack | Application | Confidence: 0.7766666666666666
2026-04-29 22:31:19 | Known Attack | Reconnaissance | Confidence: 0.88
2026-04-29 22:31:19 | Known Attack | Botnet | Confidence: 0.6433333333333333
2026-04-29 22:31:19 | Known Attack | Authentication | Confidence: 0.88
2026-04-29 22:31:19 | Known Attack | Network | Confidence: 0.6666666666666666
2026-04-29 22:31:19 | Known Attack | Authentication | Confidence: 0.9933333333333333
2026-04-29 22:31:19 | Known Attack | Network | Confidence: 0.86
2026-04-29 22:31:19 | Known Attack | Botnet | Confidence: 0.97
2026-04-29 22:31:19 | Known Attack | Application | Confidence: 0.8666666666666667
2026-04-29 22:31:19 | Known Attack | Botnet | Confidence: 0.87
2026-04-29 22:31:19 | Known Attack | Network | Confidence: 0.8833333333333333
2026-04-29 22:31:19 | Known Attack | Botnet | Confidence: 0.7233333333333334
2026-04-29 22:31:19 | Known Attack | Network | Confidence: 0.8666666666666667
2026-04-29 22:31:19 | Known Attack | Authentication | Confidence: 0.8933333333333333
2026-04-29 22:31:19 | Known Attack | Authentication | Confidence: 0.8533333333333334
2026-04-29 22:31:19 | Known Attack | Network | Confidence: 0.6566666666666666
2026-04-29 22:31:19 | Known Attack | Authentication | Confidence: 0.5733333333333334
2026-04-29 22:39:04 | Known Attack | Botnet | Confidence: 0.8909666819975549
2026-04-29 22:39:04 | Known Attack | Network | Confidence: 0.7252854958702653
2026-04-29 22:39:04 | Abnormal Pattern Detected | None | Confidence: 0.39608867243867246
2026-04-29 22:39:04 | Abnormal Pattern Detected | None | Confidence: 0.23513015873015872
2026-04-29 22:39:04 | Known Attack | ManInTheMiddle | Confidence: 0.9023212671175799
2026-04-29 22:39:04 | Abnormal Pattern Detected | None | Confidence: 0.39123953920005616
2026-04-29 22:39:04 | Abnormal Pattern Detected | None | Confidence: 0.45858551245838
2026-04-29 22:39:04 | Known Attack | Botnet | Confidence: 0.6401940744908374
2026-04-29 22:39:04 | Abnormal Pattern Detected | None | Confidence: 0.4825936417763653
2026-04-29 22:39:04 | Known Attack | Network | Confidence: 0.67374826007326
2026-04-29 22:39:04 | Known Attack | Reconnaissance | Confidence: 0.6209527798607042
2026-04-29 22:39:04 | Known Attack | Application | Confidence: 0.6868783398324935
2026-04-29 22:39:04 | Known Attack | ManInTheMiddle | Confidence: 0.6709135859596109
2026-04-29 22:39:04 | Known Attack | Reconnaissance | Confidence: 0.6750971731171485
2026-04-29 22:39:04 | Abnormal Pattern Detected | None | Confidence: 0.36007157079521424
2026-04-29 22:39:04 | Known Attack | Authentication | Confidence: 0.7211073070245637
2026-04-29 22:39:04 | Abnormal Pattern Detected | None | Confidence: 0.3028816499079286
2026-04-29 22:39:04 | Abnormal Pattern Detected | None | Confidence: 0.2653532467532466
2026-04-29 22:39:04 | Abnormal Pattern Detected | None | Confidence: 0.549211957849333
2026-04-29 22:39:04 | Abnormal Pattern Detected | None | Confidence: 0.4717998917748917
2026-04-29 22:39:04 | Abnormal Pattern Detected | None | Confidence: 0.5477907279853036
2026-04-29 22:39:04 | Known Attack | Reconnaissance | Confidence: 0.7658079561181373
2026-04-29 22:39:04 | Abnormal Pattern Detected | None | Confidence: 0.26184535408549686
2026-04-29 22:39:04 | Abnormal Pattern Detected | None | Confidence: 0.2691313193526696
2026-04-29 22:39:04 | Abnormal Pattern Detected | None | Confidence: 0.40793472235159894
2026-04-29 22:39:04 | Abnormal Pattern Detected | None | Confidence: 0.3300891607973074
2026-04-29 22:39:04 | Known Attack | Network | Confidence: 0.8632825498575495
2026-04-29 22:39:04 | Abnormal Pattern Detected | None | Confidence: 0.40035001289869726
2026-04-29 22:39:04 | Known Attack | Network | Confidence: 0.6516635195128134
2026-04-29 22:39:04 | Known Attack | Authentication | Confidence: 0.6784212732339646
2026-04-29 22:39:04 | Abnormal Pattern Detected | None | Confidence: 0.4275274577300944
2026-04-29 22:39:04 | Known Attack | Application | Confidence: 0.8232894973400549
2026-04-29 22:39:04 | Abnormal Pattern Detected | None | Confidence: 0.3943987039350104
2026-04-29 22:39:04 | Known Attack | Network | Confidence: 0.7595916924411963
2026-04-29 22:39:04 | Known Attack | Network | Confidence: 0.6622330086580096
2026-04-29 22:39:04 | Known Attack | Application | Confidence: 0.7322383201118857
2026-04-29 22:39:04 | Known Attack | Application | Confidence: 0.7008557454020007
2026-04-29 22:39:04 | Known Attack | Reconnaissance | Confidence: 0.6655918831168837
2026-04-29 22:39:04 | Abnormal Pattern Detected | None | Confidence: 0.48866447839517724
2026-04-29 22:39:04 | Abnormal Pattern Detected | None | Confidence: 0.567429284085882
2026-04-29 22:39:04 | Abnormal Pattern Detected | None | Confidence: 0.35292947072415165
2026-04-29 22:39:04 | Known Attack | Authentication | Confidence: 0.9713549000014514
2026-04-29 22:39:04 | Known Attack | Network | Confidence: 0.7847267664531404
2026-04-29 22:39:04 | Known Attack | Botnet | Confidence: 0.8736591397293648
2026-04-29 22:39:04 | Abnormal Pattern Detected | None | Confidence: 0.5713992915856998
2026-04-29 22:39:04 | Abnormal Pattern Detected | None | Confidence: 0.5587072923989845
2026-04-29 22:39:04 | Known Attack | Network | Confidence: 0.7585440963819143
2026-04-29 22:39:04 | Abnormal Pattern Detected | None | Confidence: 0.5017711168189143
2026-04-29 22:39:04 | Known Attack | Network | Confidence: 0.7096871223508222
2026-04-29 22:39:04 | Known Attack | Authentication | Confidence: 0.7172455988455987
2026-04-29 22:39:04 | Known Attack | Authentication | Confidence: 0.6761359871194379
2026-04-29 22:39:04 | Known Attack | Network | Confidence: 0.6219582231901639
2026-04-29 22:39:04 | Abnormal Pattern Detected | None | Confidence: 0.43175584061446615
2026-04-29 22:53:53 | Abnormal Pattern Detected | None | Confidence: 0.2844444444444445
2026-04-29 22:53:53 | Abnormal Pattern Detected | None | Confidence: 0.24333333333333335
2026-04-29 22:53:53 | Abnormal Pattern Detected | None | Confidence: 0.57
2026-04-29 22:53:53 | Abnormal Pattern Detected | None | Confidence: 0.2787817460317461
2026-04-29 22:53:53 | Abnormal Pattern Detected | None | Confidence: 0.25999999999999995
2026-04-29 22:53:53 | Abnormal Pattern Detected | None | Confidence: 0.252216810966811
2026-04-29 22:53:53 | Abnormal Pattern Detected | None | Confidence: 0.30777777777777776
2026-04-29 22:53:53 | Abnormal Pattern Detected | None | Confidence: 0.41583333333333333
2026-04-29 22:53:53 | Abnormal Pattern Detected | None | Confidence: 0.34977777777777774
2026-04-29 22:53:53 | Abnormal Pattern Detected | None | Confidence: 0.2847777777777778
2026-04-29 22:53:53 | Abnormal Pattern Detected | None | Confidence: 0.2508703703703704
2026-04-29 22:53:53 | Abnormal Pattern Detected | None | Confidence: 0.24
2026-04-29 22:53:53 | Abnormal Pattern Detected | None | Confidence: 0.38666666666666666
2026-04-29 22:53:53 | Abnormal Pattern Detected | None | Confidence: 0.35122222222222227
2026-04-29 22:53:53 | Abnormal Pattern Detected | None | Confidence: 0.5569444444444444
2026-04-29 22:53:53 | Abnormal Pattern Detected | None | Confidence: 0.27199999999999996
2026-04-29 22:53:53 | Abnormal Pattern Detected | None | Confidence: 0.5173333333333333
2026-04-29 22:53:53 | Known Attack | Authentication | Confidence: 0.6766666666666666
2026-04-29 22:53:53 | Abnormal Pattern Detected | None | Confidence: 0.57
2026-04-29 22:53:53 | Known Attack | Botnet | Confidence: 0.97
2026-04-29 22:53:53 | Known Attack | Network | Confidence: 0.9066666666666666
2026-04-29 22:53:53 | Known Attack | Authentication | Confidence: 0.8933333333333333
2026-04-29 22:53:53 | Known Attack | Network | Confidence: 0.7608333333333334
2026-04-29 22:53:53 | Known Attack | Authentication | Confidence: 0.62
2026-04-29 22:53:53 | Known Attack | Reconnaissance | Confidence: 0.8833333333333333
2026-04-29 22:53:53 | Known Attack | Application | Confidence: 0.8433333333333334
2026-04-29 22:53:53 | Known Attack | Network | Confidence: 0.6666666666666666
2026-04-29 22:53:53 | Known Attack | Authentication | Confidence: 0.9
2026-04-29 22:53:53 | Known Attack | Reconnaissance | Confidence: 0.6033333333333334
2026-04-29 22:53:53 | Known Attack | Reconnaissance | Confidence: 0.9666666666666667
2026-04-29 22:53:53 | Known Attack | Authentication | Confidence: 0.9966666666666667
2026-04-29 22:53:53 | Abnormal Pattern Detected | None | Confidence: 0.2886666666666666
2026-04-29 22:53:53 | Abnormal Pattern Detected | None | Confidence: 0.3307777777777777
2026-04-29 22:53:53 | Known Attack | Application | Confidence: 0.96
2026-04-29 22:53:53 | Known Attack | Application | Confidence: 0.84
2026-04-29 22:53:53 | Abnormal Pattern Detected | None | Confidence: 0.46
2026-04-29 22:53:53 | Known Attack | Authentication | Confidence: 0.82
2026-04-29 22:53:53 | Known Attack | Reconnaissance | Confidence: 0.8983333333333333
2026-04-29 22:53:53 | Known Attack | Network | Confidence: 0.6766666666666666
2026-04-29 22:53:53 | Known Attack | Network | Confidence: 0.8833333333333333
2026-04-29 22:53:53 | Known Attack | Botnet | Confidence: 0.6491666666666667
2026-04-29 22:53:53 | Known Attack | Botnet | Confidence: 0.88
2026-04-29 22:53:53 | Known Attack | Application | Confidence: 0.75
2026-04-29 22:53:53 | Known Attack | Network | Confidence: 0.65
2026-04-29 22:53:53 | Known Attack | Network | Confidence: 0.8966666666666666
2026-04-29 22:53:53 | Known Attack | ManInTheMiddle | Confidence: 0.9933333333333333
2026-04-29 22:53:53 | Known Attack | ManInTheMiddle | Confidence: 0.6841666666666667
2026-04-29 22:53:53 | Known Attack | Network | Confidence: 0.8777777777777779
2026-04-29 22:53:53 | Known Attack | Botnet | Confidence: 0.9933333333333333
2026-04-29 22:53:53 | Known Attack | Network | Confidence: 0.86
2026-04-29 22:53:53 | Abnormal Pattern Detected | None | Confidence: 0.4753161375661375
2026-04-29 22:53:53 | Known Attack | Botnet | Confidence: 0.73
2026-04-29 22:53:53 | Known Attack | Application | Confidence: 0.8666666666666667
2026-04-29 22:53:53 | Known Attack | Reconnaissance | Confidence: 0.72
2026-04-29 22:53:53 | Known Attack | Network | Confidence: 0.9148333333333333
2026-04-29 22:53:53 | Known Attack | Network | Confidence: 0.6228015873015871
2026-04-29 22:53:53 | Known Attack | Botnet | Confidence: 0.87
2026-04-29 22:53:53 | Known Attack | Network | Confidence: 0.7
2026-04-29 22:53:53 | Known Attack | Authentication | Confidence: 0.7566666666666667
2026-04-29 22:53:53 | Known Attack | Authentication | Confidence: 0.88
2026-04-29 22:53:53 | Known Attack | Botnet | Confidence: 0.6133333333333333
2026-04-29 22:53:53 | Known Attack | ManInTheMiddle | Confidence: 0.8633333333333333
2026-04-29 22:53:53 | Known Attack | Network | Confidence: 0.8466666666666667
2026-04-29 22:53:53 | Known Attack | Application | Confidence: 0.7866666666666666
2026-04-29 22:53:53 | Known Attack | Network | Confidence: 0.72
2026-04-29 22:53:53 | Known Attack | Botnet | Confidence: 0.9966666666666667
2026-04-29 22:53:53 | Known Attack | Application | Confidence: 0.8633333333333333
2026-04-29 22:53:53 | Known Attack | Application | Confidence: 0.65
2026-04-29 22:53:53 | Abnormal Pattern Detected | None | Confidence: 0.37444444444444447
2026-04-29 22:53:53 | Known Attack | Network | Confidence: 0.87
2026-04-29 22:53:53 | Known Attack | Authentication | Confidence: 0.8633333333333333
2026-04-29 22:53:53 | Known Attack | ManInTheMiddle | Confidence: 0.64
2026-04-29 22:53:53 | Known Attack | Network | Confidence: 0.6233333333333333
2026-04-29 22:53:53 | Known Attack | Network | Confidence: 0.6453703703703704
2026-04-29 22:53:53 | Known Attack | Application | Confidence: 0.93
2026-04-29 22:53:53 | Known Attack | Reconnaissance | Confidence: 0.96
2026-04-29 22:53:53 | Known Attack | Network | Confidence: 0.6933333333333334
2026-04-29 22:53:53 | Abnormal Pattern Detected | None | Confidence: 0.4009419191919191
2026-04-29 22:53:53 | Known Attack | Authentication | Confidence: 0.9766666666666667
2026-04-29 22:53:53 | Known Attack | Authentication | Confidence: 0.8933333333333333
2026-04-29 22:53:53 | Abnormal Pattern Detected | None | Confidence: 0.4927777777777777
2026-04-29 22:53:53 | Known Attack | Network | Confidence: 0.7
2026-04-29 22:53:53 | Known Attack | Botnet | Confidence: 0.657658249158249
2026-04-29 22:53:53 | Known Attack | Network | Confidence: 0.69
2026-04-29 22:53:53 | Known Attack | Network | Confidence: 0.8533333333333334
2026-04-29 22:53:53 | Abnormal Pattern Detected | None | Confidence: 0.49
2026-04-29 22:53:53 | Abnormal Pattern Detected | None | Confidence: 0.47
2026-04-29 22:53:53 | Known Attack | Network | Confidence: 0.6433333333333333
2026-04-29 22:53:53 | Known Attack | Reconnaissance | Confidence: 0.99
2026-04-29 22:53:53 | Known Attack | ManInTheMiddle | Confidence: 0.9418650793650793
2026-04-29 22:53:53 | Known Attack | Network | Confidence: 0.66
2026-04-29 22:53:53 | Known Attack | ManInTheMiddle | Confidence: 0.63
2026-04-29 22:53:53 | Known Attack | Authentication | Confidence: 0.6466666666666666
2026-04-29 22:53:53 | Known Attack | Botnet | Confidence: 0.63
2026-04-29 22:53:53 | Known Attack | Authentication | Confidence: 0.6333333333333333
2026-04-29 22:53:53 | Known Attack | Reconnaissance | Confidence: 0.98
2026-04-29 22:53:53 | Known Attack | Authentication | Confidence: 0.85
2026-04-29 22:53:53 | Abnormal Pattern Detected | None | Confidence: 0.43704415954415954
2026-04-29 22:53:53 | Known Attack | ManInTheMiddle | Confidence: 0.83
2026-04-29 22:53:53 | Known Attack | Application | Confidence: 0.8033333333333333
2026-04-29 22:53:53 | Known Attack | ManInTheMiddle | Confidence: 0.95
2026-04-29 22:53:53 | Known Attack | Botnet | Confidence: 0.9933333333333333
2026-04-29 22:53:53 | Known Attack | Network | Confidence: 0.8166666666666667
2026-04-29 22:53:53 | Known Attack | Authentication | Confidence: 0.93
2026-04-29 22:53:53 | Known Attack | Application | Confidence: 0.66
2026-04-29 22:53:53 | Known Attack | Network | Confidence: 0.7830555555555555
2026-04-29 22:53:53 | Abnormal Pattern Detected | None | Confidence: 0.435
2026-04-29 22:53:53 | Known Attack | Botnet | Confidence: 0.8584788359788361
2026-04-29 22:53:53 | Known Attack | ManInTheMiddle | Confidence: 1.0
2026-04-29 22:53:53 | Known Attack | Network | Confidence: 0.65
2026-04-29 22:53:53 | Known Attack | Authentication | Confidence: 0.64
2026-04-29 22:53:53 | Known Attack | Application | Confidence: 0.6433333333333333
2026-04-29 22:53:53 | Abnormal Pattern Detected | None | Confidence: 0.5191666666666667
2026-04-29 22:53:53 | Known Attack | Reconnaissance | Confidence: 0.66
2026-04-29 22:53:53 | Known Attack | Network | Confidence: 0.6021666666666667
2026-04-29 22:53:53 | Abnormal Pattern Detected | None | Confidence: 0.49
2026-04-29 22:53:53 | Known Attack | Botnet | Confidence: 0.8466666666666667
2026-04-29 22:53:53 | Known Attack | Application | Confidence: 0.7166666666666667
2026-04-29 22:53:53 | Known Attack | Network | Confidence: 0.6776587301587302
2026-04-29 22:53:53 | Known Attack | Network | Confidence: 0.9466666666666667
2026-04-29 22:53:53 | Known Attack | Authentication | Confidence: 0.92
2026-04-29 22:53:53 | Known Attack | ManInTheMiddle | Confidence: 0.6866666666666666
2026-04-29 22:53:53 | Known Attack | Reconnaissance | Confidence: 0.9833333333333333
2026-04-29 22:53:53 | Abnormal Pattern Detected | None | Confidence: 0.4666666666666667
2026-04-29 22:53:53 | Known Attack | Application | Confidence: 0.7166666666666667
2026-04-29 22:53:53 | Abnormal Pattern Detected | None | Confidence: 0.2966666666666667
2026-04-29 22:53:53 | Known Attack | ManInTheMiddle | Confidence: 0.9933333333333333
2026-04-29 22:53:53 | Known Attack | Authentication | Confidence: 0.9133333333333333
2026-04-29 22:53:53 | Known Attack | Botnet | Confidence: 0.6994788359788361
2026-04-29 22:53:53 | Abnormal Pattern Detected | None | Confidence: 0.4521388888888889
2026-04-29 22:53:53 | Known Attack | Reconnaissance | Confidence: 0.8866666666666667
2026-04-29 22:53:53 | Known Attack | Application | Confidence: 0.72
2026-04-29 22:53:53 | Known Attack | Network | Confidence: 0.8433333333333334
2026-04-29 22:53:53 | Abnormal Pattern Detected | None | Confidence: 0.5933333333333334
2026-04-29 22:53:53 | Known Attack | Authentication | Confidence: 0.8843333333333334
2026-04-29 22:53:53 | Known Attack | Authentication | Confidence: 0.86
2026-04-29 22:53:53 | Abnormal Pattern Detected | None | Confidence: 0.5666666666666667
2026-04-29 22:53:53 | Known Attack | Network | Confidence: 0.76
2026-04-29 22:53:53 | Abnormal Pattern Detected | None | Confidence: 0.41835149110149095
2026-04-29 22:53:53 | Abnormal Pattern Detected | None | Confidence: 0.27766666666666673
2026-04-29 22:53:53 | Abnormal Pattern Detected | None | Confidence: 0.38928571428571423
2026-04-29 22:53:53 | Known Attack | ManInTheMiddle | Confidence: 0.65
2026-04-29 22:53:53 | Known Attack | Reconnaissance | Confidence: 0.96
2026-04-29 22:53:53 | Known Attack | Reconnaissance | Confidence: 1.0
2026-04-29 22:53:53 | Abnormal Pattern Detected | None | Confidence: 0.32666666666666666
2026-04-29 22:53:53 | Known Attack | Network | Confidence: 0.8833333333333333
2026-04-29 22:53:53 | Known Attack | Network | Confidence: 0.7766666666666666
2026-04-29 22:53:53 | Known Attack | Reconnaissance | Confidence: 0.8766666666666667
2026-04-29 22:53:53 | Known Attack | Authentication | Confidence: 0.6933333333333334
2026-04-29 22:53:53 | Known Attack | Network | Confidence: 0.8566666666666667
2026-04-29 22:53:53 | Known Attack | Botnet | Confidence: 0.9533333333333334
2026-04-29 22:53:53 | Known Attack | ManInTheMiddle | Confidence: 0.8666666666666667
2026-04-29 22:53:53 | Known Attack | Botnet | Confidence: 0.6833333333333333
2026-04-29 22:53:53 | Known Attack | ManInTheMiddle | Confidence: 0.9433333333333334
2026-04-29 22:53:53 | Abnormal Pattern Detected | None | Confidence: 0.5166666666666667
2026-04-29 22:53:53 | Known Attack | ManInTheMiddle | Confidence: 0.6433333333333333
2026-04-29 22:53:53 | Known Attack | Network | Confidence: 0.6366666666666667
2026-04-29 22:53:53 | Abnormal Pattern Detected | None | Confidence: 0.4951626984126985
2026-04-29 22:53:53 | Known Attack | Network | Confidence: 0.6666666666666666
2026-04-29 22:53:53 | Known Attack | Botnet | Confidence: 0.96
2026-04-29 22:53:53 | Known Attack | Reconnaissance | Confidence: 0.87
2026-04-29 22:53:53 | Abnormal Pattern Detected | None | Confidence: 0.43
2026-04-29 22:53:53 | Known Attack | Reconnaissance | Confidence: 0.84
